find_header: checking for prism.h... -------------------- yes

LD_LIBRARY_PATH=.:/usr/lib/x86_64-linux-gnu "x86_64-linux-gnu-gcc -o conftest -I/usr/include/x86_64-linux-gnu/ruby-3.2.0 -I/usr/include/ruby-3.2.0/ruby/backward -I/usr/include/ruby-3.2.0 -I. -I/app/vendor/bundle/ruby/3.2.0/gems/herb-0.7.5/vendor/prism/include -I/app/vendor/bundle/ruby/3.2.0/gems/herb-0.7.5/src/include -I/app/vendor/bundle/ruby/3.2.0/gems/herb-0.7.5/vendor/prism/src -I/app/vendor/bundle/ruby/3.2.0/gems/herb-0.7.5/vendor/prism/src/util -Wdate-time -D_FORTIFY_SOURCE=3   -g -O2 -fno-omit-frame-pointer -mno-omit-leaf-frame-pointer -ffile-prefix-map=BUILDDIR=. -fstack-protector-strong -fstack-clash-protection -Wformat -Werror=format-security -fcf-protection -fdebug-prefix-map=BUILDDIR=/usr/src/ruby3.2-3.2.3-1ubuntu0.24.04.6 -fPIC -DPRISM_EXPORT_SYMBOLS=static  conftest.c  -L. -L/usr/lib/x86_64-linux-gnu -L. -Wl,-Bsymbolic-functions -Wl,-z,relro -Wl,-z,now -fstack-protector-strong -rdynamic -Wl,-export-dynamic -Wl,--no-as-needed     -lruby-3.2  -lm -lpthread  -lc"
checked program was:
/* begin */
1: #include "ruby.h"
2:
3: int main(int argc, char **argv)
4: {
5:   return !!argv[argc];
6: }
/* end */

LD_LIBRARY_PATH=.:/usr/lib/x86_64-linux-gnu "x86_64-linux-gnu-gcc -I/usr/include/x86_64-linux-gnu/ruby-3.2.0 -I/usr/include/ruby-3.2.0/ruby/backward -I/usr/include/ruby-3.2.0 -I. -I/app/vendor/bundle/ruby/3.2.0/gems/herb-0.7.5/vendor/prism/include -I/app/vendor/bundle/ruby/3.2.0/gems/herb-0.7.5/src/include -I/app/vendor/bundle/ruby/3.2.0/gems/herb-0.7.5/vendor/prism/src -I/app/vendor/bundle/ruby/3.2.0/gems/herb-0.7.5/vendor/prism/src/util -Wdate-time -D_FORTIFY_SOURCE=3   -g -O2 -fno-omit-frame-pointer -mno-omit-leaf-frame-pointer -ffile-prefix-map=BUILDDIR=. -fstack-protector-strong -fstack-clash-protection -Wformat -Werror=format-security -fcf-protection -fdebug-prefix-map=BUILDDIR=/usr/src/ruby3.2-3.2.3-1ubuntu0.24.04.6 -fPIC -DPRISM_EXPORT_SYMBOLS=static    -c conftest.c"
checked program was:
/* begin */
1: #include "ruby.h"
2:
3: #include <prism.h>
/* end */

--------------------

find_header: checking for herb.h... -------------------- yes

LD_LIBRARY_PATH=.:/usr/lib/x86_64-linux-gnu "x86_64-linux-gnu-gcc -I/usr/include/x86_64-linux-gnu/ruby-3.2.0 -I/usr/include/ruby-3.2.0/ruby/backward -I/usr/include/ruby-3.2.0 -I. -I/app/vendor/bundle/ruby/3.2.0/gems/herb-0.7.5/vendor/prism/include -I/app/vendor/bundle/ruby/3.2.0/gems/herb-0.7.5/src/include -I/app/vendor/bundle/ruby/3.2.0/gems/herb-0.7.5/vendor/prism/src -I/app/vendor/bundle/ruby/3.2.0/gems/herb-0.7.5/vendor/prism/src/util -Wdate-time -D_FORTIFY_SOURCE=3   -g -O2 -fno-omit-frame-pointer -mno-omit-leaf-frame-pointer -ffile-prefix-map=BUILDDIR=. -fstack-protector-strong -fstack-clash-protection -Wformat -Werror=format-security -fcf-protection -fdebug-prefix-map=BUILDDIR=/usr/src/ruby3.2-3.2.3-1ubuntu0.24.04.6 -fPIC -DPRISM_EXPORT_SYMBOLS=static    -c conftest.c"
checked program was:
/* begin */
1: #include "ruby.h"
2:
3: #include <herb.h>
/* end */

--------------------

find_header: checking for nodes.h... -------------------- yes

LD_LIBRARY_PATH=.:/usr/lib/x86_64-linux-gnu "x86_64-linux-gnu-gcc -I/usr/include/x86_64-linux-gnu/ruby-3.2.0 -I/usr/include/ruby-3.2.0/ruby/backward -I/usr/include/ruby-3.2.0 -I. -I/app/vendor/bundle/ruby/3.2.0/gems/herb-0.7.5/vendor/prism/include -I/app/vendor/bundle/ruby/3.2.0/gems/herb-0.7.5/src/include -I/app/vendor/bundle/ruby/3.2.0/gems/herb-0.7.5/vendor/prism/src -I/app/vendor/bundle/ruby/3.2.0/gems/herb-0.7.5/vendor/prism/src/util -Wdate-time -D_FORTIFY_SOURCE=3   -g -O2 -fno-omit-frame-pointer -mno-omit-leaf-frame-pointer -ffile-prefix-map=BUILDDIR=. -fstack-protector-strong -fstack-clash-protection -Wformat -Werror=format-security -fcf-protection -fdebug-prefix-map=BUILDDIR=/usr/src/ruby3.2-3.2.3-1ubuntu0.24.04.6 -fPIC -DPRISM_EXPORT_SYMBOLS=static    -c conftest.c"
checked program was:
/* begin */
1: #include "ruby.h"
2:
3: #include <nodes.h>
/* end */

--------------------

find_header: checking for extension.h... -------------------- yes

LD_LIBRARY_PATH=.:/usr/lib/x86_64-linux-gnu "x86_64-linux-gnu-gcc -I/usr/include/x86_64-linux-gnu/ruby-3.2.0 -I/usr/include/ruby-3.2.0/ruby/backward -I/usr/include/ruby-3.2.0 -I. -I/app/vendor/bundle/ruby/3.2.0/gems/herb-0.7.5/vendor/prism/include -I/app/vendor/bundle/ruby/3.2.0/gems/herb-0.7.5/src/include -I/app/vendor/bundle/ruby/3.2.0/gems/herb-0.7.5/vendor/prism/src -I/app/vendor/bundle/ruby/3.2.0/gems/herb-0.7.5/vendor/prism/src/util -Wdate-time -D_FORTIFY_SOURCE=3   -g -O2 -fno-omit-frame-pointer -mno-omit-leaf-frame-pointer -ffile-prefix-map=BUILDDIR=. -fstack-protector-strong -fstack-clash-protection -Wformat -Werror=format-security -fcf-protection -fdebug-prefix-map=BUILDDIR=/usr/src/ruby3.2-3.2.3-1ubuntu0.24.04.6 -fPIC -DPRISM_EXPORT_SYMBOLS=static    -c conftest.c"
checked program was:
/* begin */
1: #include "ruby.h"
2:
3: #include <extension.h>
/* end */

--------------------

find_header: checking for extension_helpers.h... -------------------- yes

LD_LIBRARY_PATH=.:/usr/lib/x86_64-linux-gnu "x86_64-linux-gnu-gcc -I/usr/include/x86_64-linux-gnu/ruby-3.2.0 -I/usr/include/ruby-3.2.0/ruby/backward -I/usr/include/ruby-3.2.0 -I. -I/app/vendor/bundle/ruby/3.2.0/gems/herb-0.7.5/vendor/prism/include -I/app/vendor/bundle/ruby/3.2.0/gems/herb-0.7.5/src/include -I/app/vendor/bundle/ruby/3.2.0/gems/herb-0.7.5/vendor/prism/src -I/app/vendor/bundle/ruby/3.2.0/gems/herb-0.7.5/vendor/prism/src/util -Wdate-time -D_FORTIFY_SOURCE=3   -g -O2 -fno-omit-frame-pointer -mno-omit-leaf-frame-pointer -ffile-prefix-map=BUILDDIR=. -fstack-protector-strong -fstack-clash-protection -Wformat -Werror=format-security -fcf-protection -fdebug-prefix-map=BUILDDIR=/usr/src/ruby3.2-3.2.3-1ubuntu0.24.04.6 -fPIC -DPRISM_EXPORT_SYMBOLS=static    -c conftest.c"
checked program was:
/* begin */
1: #include "ruby.h"
2:
3: #include <extension_helpers.h>
/* end */

--------------------

extconf.h is:
/* begin */
1: #ifndef EXTCONF_H
2: #define EXTCONF_H
3: #endif
/* end */
